// Jest Snapshot v1, https://goo.gl/fbAQLP

exports[`Pruebas en <GifExpertApp /> Debe hacer match con el snapshot 1`] = `
<div>
  <h1>
    GifExpertApp
  </h1>
  <form
    aria-label="form"
  >
    <input
      placeholder="Buscar gifs"
      type="text"
      value=""
    />
  </form>
  <button
    class="btn primary"
  >
    Reset
  </button>
</div>
`;
