// Jest Snapshot v1, https://goo.gl/fbAQLP

exports[`Pruebas en <GifItem /> Debe de hacer match con el snapshot 1`] = `
<div>
  <div
    class="card"
  >
    <img
      alt="Goku"
      src="http://localhost/loqueseaxdes.com.mx"
    />
    <p>
      Goku
    </p>
  </div>
</div>
`;

exports[`Pruebas en GifItem Debe de hacer match con el snapshot 1`] = `
<div>
  <div
    class="card"
  >
    <img
      alt="Goku"
      src="http://localhost/loqueseaxdes.com.mx"
    />
    <p>
      Goku
    </p>
  </div>
</div>
`;
